// Vitest Snapshot v1

exports[`test convertRender > convert class component render function 1`] = `Promise {}`;

exports[`test convertRender convert class component render function 1`] = `
"export default {
  props: {},
  name: 'TestComp',
  render() {
    return this.$slots.default
  },
  setup(props, context) {
    // TODO: Please remove unused return variable
    return {}
  }
}
"
`;
